Welcome to Ubuntu 22.04.2 LTS (GNU/Linux 5.15.0-1031-gcp x86_64)

 * Documentation:  https://help.ubuntu.com
 * Management:     https://landscape.canonical.com
 * Support:        https://ubuntu.com/advantage

  System information as of Wed Apr 19 20:35:14 UTC 2023

  System load:  0.32177734375     Processes:             111
  Usage of /:   19.5% of 9.51GB   Users logged in:       0
  Memory usage: 23%               IPv4 address for ens4: 10.128.0.2
  Swap usage:   0%


Expanded Security Maintenance for Applications is not enabled.

0 updates can be applied immediately.

Enable ESM Apps to receive additional future security updates.
See https://ubuntu.com/esm or run: sudo pro status


Last login: Wed Apr 19 20:24:17 2023 from 35.235.240.2
l_pienkowsk2@rr-instance:~$ ps aux | grep cpu
root          10  0.0  0.0      0     0 ?        I<   20:34   0:00 [mm_percpu_wq]
root          18  0.0  0.0      0     0 ?        S    20:34   0:00 [cpuhp/0]
root          19  0.0  0.0      0     0 ?        S    20:34   0:00 [cpuhp/1]
l_pienk+     931  0.0  0.2   7004  2080 pts/0    S+   20:35   0:00 grep --color=auto cpu
l_pienkowsk2@rr-instance:~$ ifconfig | tail -n 3
Command 'ifconfig' not found, but can be installed with:
apt install net-tools
Please ask your administrator.
l_pienkowsk2@rr-instance:~$ sudo apt install net-tools
Reading package lists... Done
Building dependency tree... Done
Reading state information... Done
The following package was automatically installed and is no longer required:
  libnuma1
Use 'sudo apt autoremove' to remove it.
The following NEW packages will be installed:
  net-tools
0 upgraded, 1 newly installed, 0 to remove and 0 not upgraded.
Need to get 204 kB of archives.
After this operation, 819 kB of additional disk space will be used.
Get:1 http://us-central1.gce.archive.ubuntu.com/ubuntu jammy/main amd64 net-tools amd64 1.60+git20181103.0eebece-1ubuntu5 [204 kB]
Fetched 204 kB in 0s (5725 kB/s)
Selecting previously unselected package net-tools.
(Reading database ... 64280 files and directories currently installed.)
Preparing to unpack .../net-tools_1.60+git20181103.0eebece-1ubuntu5_amd64.deb ...
Unpacking net-tools (1.60+git20181103.0eebece-1ubuntu5) ...
Setting up net-tools (1.60+git20181103.0eebece-1ubuntu5) ...
Processing triggers for man-db (2.10.2-1) ...
Scanning processes...                                                                                          
Scanning linux images...                                                                                       

Running kernel seems to be up-to-date.

No services need to be restarted.

No containers need to be restarted.

No user sessions are running outdated binaries.

No VM guests are running outdated hypervisor (qemu) binaries on this host.
l_pienkowsk2@rr-instance:~$ ifconfig | tail -n 3
        TX packets 48  bytes 5441 (5.4 KB)
        TX errors 0  dropped 0 overruns 0  carrier 0  collisions 0

l_pienkowsk2@rr-instance:~$ cd /etc/nvme
l_pienkowsk2@rr-instance:/etc/nvme$ pwd
/etc/nvme
l_pienkowsk2@rr-instance:/etc/nvme$ ls -a
.  ..  discovery.conf  hostid  hostnqn
l_pienkowsk2@rr-instance:/etc/nvme$ head -n 3 discovery.conf 
# Used for extracting default parameters for discovery
#
# Example:
l_pienkowsk2@rr-instance:/etc/nvme$ 