elcome to Ubuntu 20.04.5 LTS (GNU/Linux 5.15.0-1030-gcp x86_64)

 * Documentation:  https://help.ubuntu.com
 * Management:     https://landscape.canonical.com
 * Support:        https://ubuntu.com/advantage

  System information as of Thu Apr 20 17:20:20 UTC 2023

  System load:  0.13              Processes:             110
  Usage of /:   20.0% of 9.51GB   Users logged in:       1
  Memory usage: 5%                IPv4 address for ens4: 10.182.0.3
  Swap usage:   0%


Expanded Security Maintenance for Applications is not enabled.

0 updates can be applied immediately.

Enable ESM Apps to receive additional future security updates.
See https://ubuntu.com/esm or run: sudo pro status


The list of available updates is more than a week old.
To check for new updates run: sudo apt update
New release '22.04.2 LTS' available.
Run 'do-release-upgrade' to upgrade to it.


Last login: Thu Apr 20 17:19:59 2023 from 35.235.242.208
vadimdudarenko1997@instance-2:~$ ps aux | grep cpu
root          10  0.0  0.0      0     0 ?        I<   17:18   0:00 [mm_percpu_wq]
root          18  0.0  0.0      0     0 ?        S    17:18   0:00 [cpuhp/0]
root          19  0.0  0.0      0     0 ?        S    17:18   0:00 [cpuhp/1]
vadimdu+    1778  0.0  0.0   8168   720 pts/2    S+   17:21   0:00 grep --color=auto cpu
vadimdudarenko1997@instance-2:~$ cd /etc/nvme
vadimdudarenko1997@instance-2:/etc/nvme$ head -3 example.txt
head: cannot open 'example.txt' for reading: No such file or directory
vadimdudarenko1997@instance-2:/etc/nvme$ ip a | tail -n 3
       valid_lft 3380sec preferred_lft 3380sec
    inet6 fe80::4001:aff:feb6:3/64 scope link 
       valid_lft forever preferred_lft forever
vadimdudarenko1997@instance-2:/etc/nvme$ ls -l
total 12
-rw-r--r-- 1 root root 157 Sep  7  2020 discovery.conf
-rw-r--r-- 1 root root  37 Mar  2 21:45 hostid
-rw-r--r-- 1 root root  69 Mar  2 21:45 hostnqn
vadimdudarenko1997@instance-2:/etc/nvme$ pwd
/etc/nvme
vadimdudarenko1997@instance-2:/etc/nvme$ cat discovery.conf | head -n 3
# Used for extracting default parameters for discovery
#
# Example:
vadimdudarenko1997@instance-2:/etc/nvme$ ^C
